*********************************************************************************************
*********************************************************************************************
LINKING FAILED
The linking process failed in some stage.
Depending on the phase the linker failed, part of the information contained in this map file may be inaccurate or wrong.
If the linking failed before the allocation phase finished, then the addresses might be inaccurate.
Also summary information like the code size is likely to be misleading.
---------------------------------------------------------------------------------------------
---------------------------------------------------------------------------------------------

PROGRAM "C:\Users\Виктор\Documents\codewarrior\AvansDadut\bin\Project.abs"

*********************************************************************************************
TARGET SECTION
---------------------------------------------------------------------------------------------
Processor   : Freescale HC12
Memory Model: BANKED
File Format : ELF (no debug info)
Linker      : SmartLinker V-5.0.40 Build 10203, Jul 23 2010

*********************************************************************************************
FILE SECTION
---------------------------------------------------------------------------------------------

*********************************************************************************************
STARTUP SECTION
---------------------------------------------------------------------------------------------

*********************************************************************************************
SECTION-ALLOCATION SECTION
Section Name                    Size  Type     From       To       Segment
---------------------------------------------------------------------------------------------
.abs_section_8                     1   N/I        0x8        0x8   .absSeg222
.abs_section_9                     1   N/I        0x9        0x9   .absSeg223
.abs_section_a                     1   N/I        0xA        0xA   .absSeg224
.abs_section_b                     1   N/I        0xB        0xB   .absSeg225
.abs_section_c                     1   N/I        0xC        0xC   .absSeg226
.abs_section_d                     1   N/I        0xD        0xD   .absSeg227
.abs_section_e                     1   N/I        0xE        0xE   .absSeg228
.abs_section_10                    1   N/I       0x10       0x10   .absSeg229
.abs_section_11                    1   N/I       0x11       0x11   .absSeg230
.abs_section_13                    1   N/I       0x13       0x13   .absSeg231
.abs_section_15                    1   N/I       0x15       0x15   .absSeg232
.abs_section_16                    1   N/I       0x16       0x16   .absSeg233
.abs_section_19                    1   N/I       0x19       0x19   .absSeg234
.abs_section_1c                    1   N/I       0x1C       0x1C   .absSeg235
.abs_section_1d                    1   N/I       0x1D       0x1D   .absSeg236
.abs_section_1e                    1   N/I       0x1E       0x1E   .absSeg237
.abs_section_1f                    1   N/I       0x1F       0x1F   .absSeg238
.abs_section_20                    1   N/I       0x20       0x20   .absSeg239
.abs_section_21                    1   N/I       0x21       0x21   .absSeg240
.abs_section_24                    1   N/I       0x24       0x24   .absSeg241
.abs_section_25                    1   N/I       0x25       0x25   .absSeg242
.abs_section_28                    1   N/I       0x28       0x28   .absSeg243
.abs_section_29                    1   N/I       0x29       0x29   .absSeg244
.abs_section_2a                    1   N/I       0x2A       0x2A   .absSeg245
.abs_section_2d                    1   N/I       0x2D       0x2D   .absSeg246
.abs_section_30                    1   N/I       0x30       0x30   .absSeg247
.abs_section_34                    1   N/I       0x34       0x34   .absSeg248
.abs_section_35                    1   N/I       0x35       0x35   .absSeg249
.abs_section_37                    1   N/I       0x37       0x37   .absSeg250
.abs_section_38                    1   N/I       0x38       0x38   .absSeg251
.abs_section_39                    1   N/I       0x39       0x39   .absSeg252
.abs_section_3a                    1   N/I       0x3A       0x3A   .absSeg253
.abs_section_3b                    1   N/I       0x3B       0x3B   .absSeg254
.abs_section_3c                    1   N/I       0x3C       0x3C   .absSeg255
.abs_section_3f                    1   N/I       0x3F       0x3F   .absSeg256
.abs_section_40                    1   N/I       0x40       0x40   .absSeg257
.abs_section_41                    1   N/I       0x41       0x41   .absSeg258
.abs_section_42                    1   N/I       0x42       0x42   .absSeg259
.abs_section_43                    1   N/I       0x43       0x43   .absSeg260
.abs_section_46                    1   N/I       0x46       0x46   .absSeg261
.abs_section_47                    1   N/I       0x47       0x47   .absSeg262
.abs_section_48                    1   N/I       0x48       0x48   .absSeg263
.abs_section_49                    1   N/I       0x49       0x49   .absSeg264
.abs_section_4a                    1   N/I       0x4A       0x4A   .absSeg265
.abs_section_4b                    1   N/I       0x4B       0x4B   .absSeg266
.abs_section_4c                    1   N/I       0x4C       0x4C   .absSeg267
.abs_section_4d                    1   N/I       0x4D       0x4D   .absSeg268
.abs_section_4e                    1   N/I       0x4E       0x4E   .absSeg269
.abs_section_4f                    1   N/I       0x4F       0x4F   .absSeg270
.abs_section_60                    1   N/I       0x60       0x60   .absSeg271
.abs_section_61                    1   N/I       0x61       0x61   .absSeg272
.abs_section_86                    1   N/I       0x86       0x86   .absSeg273
.abs_section_89                    1   N/I       0x89       0x89   .absSeg274
.abs_section_8b                    1   N/I       0x8B       0x8B   .absSeg275
.abs_section_8d                    1   N/I       0x8D       0x8D   .absSeg276
.abs_section_8f                    1   N/I       0x8F       0x8F   .absSeg277
.abs_section_ca                    1   N/I       0xCA       0xCA   .absSeg278
.abs_section_cb                    1   N/I       0xCB       0xCB   .absSeg279
.abs_section_cc                    1   N/I       0xCC       0xCC   .absSeg280
.abs_section_cd                    1   N/I       0xCD       0xCD   .absSeg281
.abs_section_ce                    1   N/I       0xCE       0xCE   .absSeg282
.abs_section_cf                    1   N/I       0xCF       0xCF   .absSeg283
.abs_section_d8                    1   N/I       0xD8       0xD8   .absSeg284
.abs_section_d9                    1   N/I       0xD9       0xD9   .absSeg285
.abs_section_da                    1   N/I       0xDA       0xDA   .absSeg286
.abs_section_db                    1   N/I       0xDB       0xDB   .absSeg287
.abs_section_dd                    1   N/I       0xDD       0xDD   .absSeg288
.abs_section_e0                    1   N/I       0xE0       0xE0   .absSeg289
.abs_section_e1                    1   N/I       0xE1       0xE1   .absSeg290
.abs_section_e2                    1   N/I       0xE2       0xE2   .absSeg291
.abs_section_e3                    1   N/I       0xE3       0xE3   .absSeg292
.abs_section_e4                    1   N/I       0xE4       0xE4   .absSeg293
.abs_section_e5                    1   N/I       0xE5       0xE5   .absSeg294
.abs_section_e8                    1   N/I       0xE8       0xE8   .absSeg295
.abs_section_e9                    1   N/I       0xE9       0xE9   .absSeg296
.abs_section_fe                    1   N/I       0xFE       0xFE   .absSeg297
.abs_section_100                   1   N/I      0x100      0x100   .absSeg298
.abs_section_101                   1   N/I      0x101      0x101   .absSeg299
.abs_section_103                   1   N/I      0x103      0x103   .absSeg300
.abs_section_104                   1   N/I      0x104      0x104   .absSeg301
.abs_section_105                   1   N/I      0x105      0x105   .absSeg302
.abs_section_106                   1   N/I      0x106      0x106   .absSeg303
.abs_section_140                   1   N/I      0x140      0x140   .absSeg304
.abs_section_141                   1   N/I      0x141      0x141   .absSeg305
.abs_section_142                   1   N/I      0x142      0x142   .absSeg306
.abs_section_143                   1   N/I      0x143      0x143   .absSeg307
.abs_section_144                   1   N/I      0x144      0x144   .absSeg308
.abs_section_145                   1   N/I      0x145      0x145   .absSeg309
.abs_section_146                   1   N/I      0x146      0x146   .absSeg310
.abs_section_147                   1   N/I      0x147      0x147   .absSeg311
.abs_section_148                   1   N/I      0x148      0x148   .absSeg312
.abs_section_149                   1   N/I      0x149      0x149   .absSeg313
.abs_section_14a                   1   N/I      0x14A      0x14A   .absSeg314
.abs_section_14b                   1   N/I      0x14B      0x14B   .absSeg315
.abs_section_14e                   1   N/I      0x14E      0x14E   .absSeg316
.abs_section_14f                   1   N/I      0x14F      0x14F   .absSeg317
.abs_section_150                   1   N/I      0x150      0x150   .absSeg318
.abs_section_151                   1   N/I      0x151      0x151   .absSeg319
.abs_section_152                   1   N/I      0x152      0x152   .absSeg320
.abs_section_153                   1   N/I      0x153      0x153   .absSeg321
.abs_section_154                   1   N/I      0x154      0x154   .absSeg322
.abs_section_155                   1   N/I      0x155      0x155   .absSeg323
.abs_section_156                   1   N/I      0x156      0x156   .absSeg324
.abs_section_157                   1   N/I      0x157      0x157   .absSeg325
.abs_section_158                   1   N/I      0x158      0x158   .absSeg326
.abs_section_159                   1   N/I      0x159      0x159   .absSeg327
.abs_section_15a                   1   N/I      0x15A      0x15A   .absSeg328
.abs_section_15b                   1   N/I      0x15B      0x15B   .absSeg329
.abs_section_15c                   1   N/I      0x15C      0x15C   .absSeg330
.abs_section_15d                   1   N/I      0x15D      0x15D   .absSeg331
.abs_section_15e                   1   N/I      0x15E      0x15E   .absSeg332
.abs_section_15f                   1   N/I      0x15F      0x15F   .absSeg333
.abs_section_160                   1   N/I      0x160      0x160   .absSeg334
.abs_section_161                   1   N/I      0x161      0x161   .absSeg335
.abs_section_162                   1   N/I      0x162      0x162   .absSeg336
.abs_section_163                   1   N/I      0x163      0x163   .absSeg337
.abs_section_164                   1   N/I      0x164      0x164   .absSeg338
.abs_section_165                   1   N/I      0x165      0x165   .absSeg339
.abs_section_166                   1   N/I      0x166      0x166   .absSeg340
.abs_section_167                   1   N/I      0x167      0x167   .absSeg341
.abs_section_168                   1   N/I      0x168      0x168   .absSeg342
.abs_section_169                   1   N/I      0x169      0x169   .absSeg343
.abs_section_16a                   1   N/I      0x16A      0x16A   .absSeg344
.abs_section_16b                   1   N/I      0x16B      0x16B   .absSeg345
.abs_section_16c                   1   N/I      0x16C      0x16C   .absSeg346
.abs_section_170                   1   N/I      0x170      0x170   .absSeg347
.abs_section_171                   1   N/I      0x171      0x171   .absSeg348
.abs_section_172                   1   N/I      0x172      0x172   .absSeg349
.abs_section_173                   1   N/I      0x173      0x173   .absSeg350
.abs_section_174                   1   N/I      0x174      0x174   .absSeg351
.abs_section_175                   1   N/I      0x175      0x175   .absSeg352
.abs_section_176                   1   N/I      0x176      0x176   .absSeg353
.abs_section_177                   1   N/I      0x177      0x177   .absSeg354
.abs_section_178                   1   N/I      0x178      0x178   .absSeg355
.abs_section_179                   1   N/I      0x179      0x179   .absSeg356
.abs_section_17a                   1   N/I      0x17A      0x17A   .absSeg357
.abs_section_17b                   1   N/I      0x17B      0x17B   .absSeg358
.abs_section_17c                   1   N/I      0x17C      0x17C   .absSeg359
.abs_section_17d                   1   N/I      0x17D      0x17D   .absSeg360
.abs_section_240                   1   N/I      0x240      0x240   .absSeg361
.abs_section_241                   1   N/I      0x241      0x241   .absSeg362
.abs_section_242                   1   N/I      0x242      0x242   .absSeg363
.abs_section_243                   1   N/I      0x243      0x243   .absSeg364
.abs_section_244                   1   N/I      0x244      0x244   .absSeg365
.abs_section_245                   1   N/I      0x245      0x245   .absSeg366
.abs_section_247                   1   N/I      0x247      0x247   .absSeg367
.abs_section_248                   1   N/I      0x248      0x248   .absSeg368
.abs_section_249                   1   N/I      0x249      0x249   .absSeg369
.abs_section_24a                   1   N/I      0x24A      0x24A   .absSeg370
.abs_section_24b                   1   N/I      0x24B      0x24B   .absSeg371
.abs_section_24c                   1   N/I      0x24C      0x24C   .absSeg372
.abs_section_24d                   1   N/I      0x24D      0x24D   .absSeg373
.abs_section_24e                   1   N/I      0x24E      0x24E   .absSeg374
.abs_section_250                   1   N/I      0x250      0x250   .absSeg375
.abs_section_251                   1   N/I      0x251      0x251   .absSeg376
.abs_section_252                   1   N/I      0x252      0x252   .absSeg377
.abs_section_253                   1   N/I      0x253      0x253   .absSeg378
.abs_section_254                   1   N/I      0x254      0x254   .absSeg379
.abs_section_255                   1   N/I      0x255      0x255   .absSeg380
.abs_section_256                   1   N/I      0x256      0x256   .absSeg381
.abs_section_258                   1   N/I      0x258      0x258   .absSeg382
.abs_section_259                   1   N/I      0x259      0x259   .absSeg383
.abs_section_25a                   1   N/I      0x25A      0x25A   .absSeg384
.abs_section_25b                   1   N/I      0x25B      0x25B   .absSeg385
.abs_section_25c                   1   N/I      0x25C      0x25C   .absSeg386
.abs_section_25d                   1   N/I      0x25D      0x25D   .absSeg387
.abs_section_25e                   1   N/I      0x25E      0x25E   .absSeg388
.abs_section_25f                   1   N/I      0x25F      0x25F   .absSeg389
.abs_section_268                   1   N/I      0x268      0x268   .absSeg390
.abs_section_269                   1   N/I      0x269      0x269   .absSeg391
.abs_section_26a                   1   N/I      0x26A      0x26A   .absSeg392
.abs_section_26b                   1   N/I      0x26B      0x26B   .absSeg393
.abs_section_26c                   1   N/I      0x26C      0x26C   .absSeg394
.abs_section_26d                   1   N/I      0x26D      0x26D   .absSeg395
.abs_section_26e                   1   N/I      0x26E      0x26E   .absSeg396
.abs_section_26f                   1   N/I      0x26F      0x26F   .absSeg397
.abs_section_270                   1   N/I      0x270      0x270   .absSeg398
.abs_section_271                   1   N/I      0x271      0x271   .absSeg399
.abs_section_272                   1   N/I      0x272      0x272   .absSeg400
.abs_section_273                   1   N/I      0x273      0x273   .absSeg401
.abs_section_274                   1   N/I      0x274      0x274   .absSeg402
.abs_section_275                   1   N/I      0x275      0x275   .absSeg403
.abs_section_0                     2   N/I        0x0        0x1   .absSeg404
.abs_section_2                     2   N/I        0x2        0x3   .absSeg405
.abs_section_1a                    2   N/I       0x1A       0x1B   .absSeg406
.abs_section_22                    2   N/I       0x22       0x23   .absSeg407
.abs_section_26                    2   N/I       0x26       0x27   .absSeg408
.abs_section_2b                    2   N/I       0x2B       0x2C   .absSeg409
.abs_section_2e                    2   N/I       0x2E       0x2F   .absSeg410
.abs_section_44                    2   N/I       0x44       0x45   .absSeg411
.abs_section_50                    2   N/I       0x50       0x51   .absSeg412
.abs_section_52                    2   N/I       0x52       0x53   .absSeg413
.abs_section_54                    2   N/I       0x54       0x55   .absSeg414
.abs_section_56                    2   N/I       0x56       0x57   .absSeg415
.abs_section_58                    2   N/I       0x58       0x59   .absSeg416
.abs_section_5a                    2   N/I       0x5A       0x5B   .absSeg417
.abs_section_5c                    2   N/I       0x5C       0x5D   .absSeg418
.abs_section_5e                    2   N/I       0x5E       0x5F   .absSeg419
.abs_section_62                    2   N/I       0x62       0x63   .absSeg420
.abs_section_82                    2   N/I       0x82       0x83   .absSeg421
.abs_section_84                    2   N/I       0x84       0x85   .absSeg422
.abs_section_90                    2   N/I       0x90       0x91   .absSeg423
.abs_section_92                    2   N/I       0x92       0x93   .absSeg424
.abs_section_94                    2   N/I       0x94       0x95   .absSeg425
.abs_section_96                    2   N/I       0x96       0x97   .absSeg426
.abs_section_98                    2   N/I       0x98       0x99   .absSeg427
.abs_section_9a                    2   N/I       0x9A       0x9B   .absSeg428
.abs_section_9c                    2   N/I       0x9C       0x9D   .absSeg429
.abs_section_9e                    2   N/I       0x9E       0x9F   .absSeg430
.abs_section_c8                    2   N/I       0xC8       0xC9   .absSeg431
.abs_section_ec                    2   N/I       0xEC       0xED   .absSeg432
.abs_section_ee                    2   N/I       0xEE       0xEF   .absSeg433
.abs_section_f0                    2   N/I       0xF0       0xF1   .absSeg434
.abs_section_f2                    2   N/I       0xF2       0xF3   .absSeg435
.abs_section_f4                    2   N/I       0xF4       0xF5   .absSeg436
.abs_section_f6                    2   N/I       0xF6       0xF7   .absSeg437
.abs_section_f8                    2   N/I       0xF8       0xF9   .absSeg438
.abs_section_fa                    2   N/I       0xFA       0xFB   .absSeg439
.abs_section_fc                    2   N/I       0xFC       0xFD   .absSeg440
.abs_section_16e                   2   N/I      0x16E      0x16F   .absSeg441
.abs_section_17e                   2   N/I      0x17E      0x17F   .absSeg442
.abs_section_fffe                  2     R     0xFFFE     0xFFFF   .absSeg221
.abs_section_ff80                128     R     0xFF80     0xFFFF   .absSeg443

Summary of section sizes per section type:
READ_ONLY (R):          82 (dec:      130)
NO_INIT (N/I):         104 (dec:      260)

*********************************************************************************************
VECTOR-ALLOCATION SECTION
    Address     InitValue   InitFunction
---------------------------------------------------------------------------------------------

*********************************************************************************************
OBJECT-ALLOCATION SECTION
     Name               Module                 Addr   hSize   dSize     Ref    Section   RLIB
---------------------------------------------------------------------------------------------

*********************************************************************************************
MODULE STATISTIC
  Name                                      Data   Code  Const
---------------------------------------------------------------------------------------------

*********************************************************************************************
SECTION USE IN OBJECT-ALLOCATION SECTION
---------------------------------------------------------------------------------------------

*********************************************************************************************
OBJECT LIST SORTED BY ADDRESS
     Name                                      Addr   hSize   dSize     Ref    Section   RLIB
---------------------------------------------------------------------------------------------

*********************************************************************************************
UNUSED-OBJECTS SECTION
---------------------------------------------------------------------------------------------

*********************************************************************************************
COPYDOWN SECTION
---------------------------------------------------------------------------------------------

*********************************************************************************************
OBJECT-DEPENDENCIES SECTION
---------------------------------------------------------------------------------------------

*********************************************************************************************
STATISTIC SECTION
---------------------------------------------------------------------------------------------

ExeFile:
--------
Number of blocks to be downloaded: 0
Total size of all blocks to be downloaded: 0

